# v9 trace
1788222907.4320 tick in=1,0.10,1 out=1,0.10,1 -> pass
1788222907.5131 tick in=1,0.40,5 out=1,0.40,5 -> pass
1788222912.8025 tick in=1,0.10,1 out=1,0.10,1 -> pass
1788222912.8193 tick in=1,0.99,10 out=1,0.99,10 -> pass
1788222912.8566 tick in=3,3.71,38 out=3,3.71,38 -> pass
1788222912.8810 tick in=5,5.11,52 out=5,5.11,52 -> pass
1788222912.8859 tick in=6,6.20,63 out=6,6.20,63 -> pass
1788222912.9119 tick in=6,6.80,69 out=6,6.80,69 -> pass
1788222912.9140 tick in=7,7.57,76 out=7,7.57,76 -> pass
1788222912.9249 tick in=8,8.19,82 out=8,8.19,82 -> pass
1788222913.1931 tick in=1,0.10,1 out=1,0.10,1 -> pass
1788222913.2151 tick in=1,0.94,10 out=1,0.94,10 -> pass
1788222913.2520 tick in=3,3.31,34 out=3,3.31,34 -> pass
1788222913.5349 tick in=1,0.10,1 out=1,0.10,1 -> pass
1788222913.6072 tick in=-1,-1.29,-13 out=0,0.00,0 -> holdStart
1788222913.6491 tick in=2,2.67,27 out=2,2.67,27 -> absorb
1788222913.9020 tick in=1,0.10,1 out=1,0.10,1 -> pass
1788222913.9463 tick in=-2,-2.57,-26 out=0,0.00,0 -> holdStart
1788222914.0003 tick in=2,2.09,21 out=2,2.09,21 -> absorb
1788222914.0442 tick in=2,2.33,24 out=2,2.33,24 -> pass
1788222914.3241 tick in=-1,-0.10,-1 out=0,0.00,0 -> holdStart
1788222914.3540 tick in=-1,-0.86,-9 out=0,0.00,0 -> hold
1788222914.4048 tick in=-2,-2.78,-28 out=0,0.00,0 -> hold
1788222914.4259 tick in=-4,-4.59,-46 out=0,0.00,0 -> hold
1788222914.6537 tick in=-1,-0.10,-1 out=-9,-8.44,-85 -> flip
1788222914.6863 tick in=3,3.13,32 out=0,0.00,0 -> holdStart
1788222914.6867 tick in=3,3.99,40 out=0,0.00,0 -> hold
1788222914.7130 tick in=6,6.48,65 out=0,0.00,0 -> hold
1788222914.7522 tick in=-2,-2.82,-29 out=-2,-2.82,-29 -> absorb
1788222914.9823 tick in=-1,-0.10,-1 out=-1,-0.10,-1 -> pass
1788222915.0051 tick in=-1,-0.93,-10 out=-1,-0.93,-10 -> pass
1788222915.3564 tick in=-1,-0.10,-1 out=-1,-0.10,-1 -> pass
1788222915.3832 tick in=-1,-0.89,-9 out=-1,-0.89,-9 -> pass
1788222915.3858 tick in=-4,-4.05,-41 out=-4,-4.05,-41 -> pass
1788222915.3888 tick in=-5,-5.82,-59 out=-5,-5.82,-59 -> pass
1788222915.4118 tick in=-6,-6.51,-66 out=-6,-6.51,-66 -> pass
1788222915.4299 tick in=-7,-7.17,-72 out=-7,-7.17,-72 -> pass
1788222915.7285 tick in=-1,-0.10,-1 out=-1,-0.10,-1 -> pass
1788222916.2608 tick in=1,0.10,1 out=0,0.00,0 -> holdStart
1788222916.3127 tick in=1,0.66,7 out=0,0.00,0 -> hold
1788222916.5627 tick in=1,0.10,1 out=3,0.86,9 -> flip
1788222916.5829 tick in=1,0.95,10 out=1,0.95,10 -> pass
1788222916.6452 tick in=2,2.73,28 out=2,2.73,28 -> pass
1788222916.6458 tick in=5,5.00,51 out=5,5.00,51 -> pass
1788222916.9287 tick in=-1,-0.10,-1 out=0,0.00,0 -> holdStart
1788222916.9946 tick in=-1,-0.54,-6 out=0,0.00,0 -> hold
1788222917.0003 tick in=-2,-3.00,-30 out=0,0.00,0 -> hold
1788222917.3077 tick in=1,0.10,1 out=1,0.10,1 -> absorb
1788222917.3731 tick in=1,0.54,6 out=1,0.54,6 -> pass
1788222917.3981 tick in=2,2.55,26 out=2,2.55,26 -> pass
1788222917.4087 tick in=4,4.60,46 out=4,4.60,46 -> pass
1788222917.7354 tick in=-1,-0.10,-1 out=0,0.00,0 -> holdStart
1788222917.7910 tick in=1,2.00,20 out=1,2.00,20 -> absorb
1788222918.0963 tick in=-1,-0.10,-1 out=0,0.00,0 -> holdStart
1788222918.1220 tick in=-1,-0.90,-10 out=0,0.00,0 -> hold
1788222918.1226 tick in=-4,-4.13,-42 out=0,0.00,0 -> hold
1788222918.1610 tick in=2,2.87,29 out=2,2.87,29 -> absorb
1788222918.5172 tick in=1,0.10,1 out=1,0.10,1 -> pass
1788222918.5451 tick in=-3,-3.39,-34 out=0,0.00,0 -> holdStart
1788222918.5568 tick in=-3,-3.82,-39 out=0,0.00,0 -> hold
1788222918.7943 tick in=-1,-0.10,-1 out=-7,-7.32,-74 -> flip
1788222918.8821 tick in=-1,-0.36,-4 out=-1,-0.36,-4 -> pass
1788222919.2720 tick in=1,0.10,1 out=0,0.00,0 -> holdStart
1788222919.3042 tick in=1,0.84,9 out=0,0.00,0 -> hold
1788222919.3312 tick in=3,3.31,34 out=0,0.00,0 -> hold
1788222919.3782 tick in=-2,-2.42,-25 out=-2,-2.42,-25 -> absorb
1788222919.6337 tick in=-1,-0.10,-1 out=-1,-0.10,-1 -> pass
1788222919.6663 tick in=-1,-0.83,-9 out=-1,-0.83,-9 -> pass
1788222919.6718 tick in=-3,-3.82,-39 out=-3,-3.82,-39 -> pass
1788222919.7030 tick in=-5,-5.32,-54 out=-5,-5.32,-54 -> pass
1788222919.9862 tick in=1,0.10,1 out=0,0.00,0 -> holdStart
1788222920.0091 tick in=1,0.93,10 out=0,0.00,0 -> hold
1788222920.0431 tick in=3,3.36,34 out=0,0.00,0 -> hold
1788222920.0750 tick in=4,4.88,49 out=0,0.00,0 -> hold
1788222920.1123 tick in=5,5.76,58 out=0,0.00,0 -> hold
1788222920.3617 tick in=-1,-0.10,-1 out=-1,-0.10,-1 -> absorb
1788222920.3872 tick in=-1,-0.90,-10 out=-1,-0.90,-10 -> pass
1788222920.4180 tick in=3,3.23,33 out=0,0.00,0 -> holdStart
1788222920.4551 tick in=3,3.07,31 out=0,0.00,0 -> hold
1788222920.7355 tick in=-1,-0.10,-1 out=-1,-0.10,-1 -> absorb
1788222920.7681 tick in=3,3.13,32 out=0,0.00,0 -> holdStart
1788222920.7881 tick in=3,3.47,35 out=0,0.00,0 -> hold
1788222920.7919 tick in=6,6.53,66 out=0,0.00,0 -> hold
1788222921.0726 tick in=1,0.10,1 out=13,13.23,134 -> flip
1788222921.0931 tick in=1,0.95,10 out=1,0.95,10 -> pass
1788222921.1029 tick in=4,4.02,41 out=4,4.02,41 -> pass
1788222921.1322 tick in=5,5.50,55 out=5,5.50,55 -> pass
1788222921.1741 tick in=6,6.01,61 out=6,6.01,61 -> pass
1788222921.5098 tick in=-1,-0.10,-1 out=0,0.00,0 -> holdStart
1788222921.5655 tick in=-1,-0.62,-7 out=0,0.00,0 -> hold
1788222921.5874 tick in=-2,-2.85,-29 out=0,0.00,0 -> hold
1788222921.5881 tick in=-5,-5.11,-52 out=0,0.00,0 -> hold
1788222921.8190 tick in=-1,-0.10,-1 out=-10,-8.79,-90 -> flip
1788222921.8470 tick in=3,3.50,35 out=0,0.00,0 -> holdStart
1788222921.8919 tick in=-2,-2.42,-25 out=-2,-2.42,-25 -> absorb
1788222922.1761 tick in=-1,-0.10,-1 out=-1,-0.10,-1 -> pass
1788222922.2030 tick in=-1,-0.89,-9 out=-1,-0.89,-9 -> pass
1788222922.5322 tick in=1,0.10,1 out=0,0.00,0 -> holdStart
1788222922.8776 tick in=-1,-0.10,-1 out=-1,-0.10,-1 -> absorb
1788222922.8928 tick in=-1,-1.00,-11 out=-1,-1.00,-11 -> pass
1788222922.9169 tick in=-3,-3.79,-38 out=-3,-3.79,-38 -> pass
1788222922.9208 tick in=-5,-5.69,-57 out=-5,-5.69,-57 -> pass
1788222922.9550 tick in=-6,-6.27,-63 out=-6,-6.27,-63 -> pass
1788222922.9578 tick in=-7,-7.10,-72 out=-7,-7.10,-72 -> pass
1788222922.9769 tick in=-7,-7.69,-77 out=-7,-7.69,-77 -> pass
1788222923.0092 tick in=3,3.18,32 out=0,0.00,0 -> holdStart
1788222923.0098 tick in=4,4.02,41 out=0,0.00,0 -> hold
1788222924.1763 TIMERFLIP out=7,7.19,73
1788222924.1789 tick in=7,7.19,73 out=7,7.19,73 -> echo
1788223332.7768 tick in=-1,-0.10,-1 out=0,0.00,0 -> holdStart
1788223332.8799 TIMERFLIP out=-1,-0.10,-1
1788223332.8818 tick in=-1,-0.10,-1 out=-1,-0.10,-1 -> echo
1788223333.0696 tick in=1,0.10,1 out=0,0.00,0 -> holdStart
1788223333.1702 TIMERFLIP out=1,0.10,1
1788223333.1717 tick in=1,0.10,1 out=1,0.10,1 -> echo
1788223333.7776 tick in=1,0.10,1 out=1,0.10,1 -> pass
1788223333.8326 tick in=1,0.63,7 out=1,0.63,7 -> pass
1788223337.2273 tick in=1,0.10,1 out=1,0.10,1 -> pass
1788223337.7713 tick in=1,0.10,1 out=1,0.10,1 -> pass
1788223338.2839 tick in=1,0.10,1 out=1,0.10,1 -> pass
1788223338.3348 tick in=1,0.67,7 out=1,0.67,7 -> pass
1788223338.8040 tick in=1,0.10,1 out=1,0.10,1 -> pass
1788223339.1409 tick in=1,0.10,1 out=1,0.10,1 -> pass
1788223339.4569 tick in=1,0.10,1 out=1,0.10,1 -> pass
1788223339.4766 tick in=1,0.96,10 out=1,0.96,10 -> pass
1788223339.5168 tick in=3,3.29,33 out=3,3.29,33 -> pass
1788223340.1781 tick in=-1,-0.10,-1 out=0,0.00,0 -> holdStart
1788223340.2799 TIMERFLIP out=-1,-0.10,-1
1788223340.2825 tick in=-1,-0.10,-1 out=-1,-0.10,-1 -> echo
1788223340.9570 tick in=-1,-0.10,-1 out=-1,-0.10,-1 -> pass
1788223341.0009 tick in=-1,-0.71,-8 out=-1,-0.71,-8 -> pass
1788223341.6891 tick in=-1,-0.10,-1 out=-1,-0.10,-1 -> pass
1788223341.7599 tick in=-1,-0.49,-5 out=-1,-0.49,-5 -> pass
